========================== nexp = 3
Least Square Fit:
  chi2/dof [dof] = 0.72 [112]    Q = 0.99    logGBF = -271.7    itns = 2

Parameters:
           Ds:a_  0.211 +-   0.001           (    0.01 +-        1)
               _  0.222 +-   0.023           (    0.01 +-        1)
               _  0.513 +-   0.006           (    0.01 +-        1)
     log(Ds:dE)_  0.271 +-   0.000           (    0.26 +-     0.15)
               _ -0.866 +-   0.077           (   -0.69 +-        1)
               _ -0.777 +-   0.027           (   -0.69 +-        1)
          Ds:ao_  0.045 +-   0.009           (    0.01 +-        1)
               _  0.087 +-   0.013           (    0.01 +-        1)
               _  0.116 +-   0.007           (    0.01 +-        1)
    log(Ds:dEo)_  0.319 +-   0.012           (    0.34 +-     0.14)
               _ -1.802 +-   0.253           (   -0.69 +-        1)
               _ -1.083 +-   0.145           (   -0.69 +-        1)
         etas:a_  0.173 +-   0.001           (    0.01 +-        1)
               _  0.275 +-   0.042           (    0.01 +-        1)
               _  0.629 +-   0.127           (    0.01 +-        1)
   log(etas:dE)_ -0.397 +-   0.002           (    -0.4 +-      0.3)
               _ -0.496 +-   0.099           (   -0.69 +-        1)
               _ -0.069 +-   0.250           (   -0.69 +-        1)
        etas:ao_  0.068 +-   0.002           (    0.01 +-        1)
               _ -0.049 +-   0.062           (    0.01 +-        1)
               _  0.132 +-   0.144           (    0.01 +-        1)
  log(etas:dEo)_ -0.156 +-   0.008           (   -0.13 +-     0.23)
               _ -0.574 +-   0.759           (   -0.69 +-        1)
               _ -0.401 +-   0.915           (   -0.69 +-        1)
            Vno_ -0.158 +-   0.006           (    0.01 +-        1)
               _ -0.101 +-   0.014           (    0.01 +-        1)
               _  0.038 +-   0.034           (    0.01 +-        1)
               _ -0.030 +-   0.096           (    0.01 +-        1)
               _ -0.001 +-   0.601           (    0.01 +-        1)
               _ -0.076 +-   0.999           (    0.01 +-        1)
               _ -0.084 +-   0.142           (    0.01 +-        1)
               _ -0.039 +-   0.982           (    0.01 +-        1)
               _  0.011 +-   1.000           (    0.01 +-        1)
            Vnn_  0.159 +-   0.001           (    0.01 +-        1)
               _ -0.100 +-   0.011           (    0.01 +-        1)
               _ -0.004 +-   0.016           (    0.01 +-        1)
               _  0.009 +-   0.008           (    0.01 +-        1)
               _ -0.382 +-   0.983           (    0.01 +-        1)
               _  0.025 +-   1.000           (    0.01 +-        1)
               _ -0.001 +-   0.031           (    0.01 +-        1)
               _  0.015 +-   0.999           (    0.01 +-        1)
               _  0.010 +-   1.000           (    0.01 +-        1)
            Voo_ -0.019 +-   0.104           (    0.01 +-        1)
               _ -0.303 +-   0.207           (    0.01 +-        1)
               _  0.310 +-   0.305           (    0.01 +-        1)
               _  0.579 +-   0.736           (    0.01 +-        1)
               _  0.134 +-   0.990           (    0.01 +-        1)
               _  0.008 +-   1.000           (    0.01 +-        1)
               _  0.447 +-   0.824           (    0.01 +-        1)
               _  0.055 +-   0.995           (    0.01 +-        1)
               _  0.009 +-   1.000           (    0.01 +-        1)
            Von_ -0.161 +-   0.010           (    0.01 +-        1)
               _ -0.091 +-   0.019           (    0.01 +-        1)
               _  0.035 +-   0.038           (    0.01 +-        1)
               _  0.066 +-   0.097           (    0.01 +-        1)
               _  0.256 +-   0.620           (    0.01 +-        1)
               _ -0.045 +-   0.999           (    0.01 +-        1)
               _ -0.039 +-   0.183           (    0.01 +-        1)
               _ -0.230 +-   0.936           (    0.01 +-        1)
               _  0.007 +-   1.000           (    0.01 +-        1)

etas:dE = 0.672(1)  0.61(6)  0.9(2)
 etas:E = 0.672(1)  1.28(6)  2.2(3)
 etas:a = 0.173(1)  0.27(4)  0.6(1)

Ds:dE = 1.3113(5)  0.42(3)  0.46(1)
 Ds:E = 1.3113(5)  1.73(3)  2.19(2)
 Ds:a = 0.2108(8)  0.22(2)  0.513(6)

etas->V->Ds  = 0.1587(9)
etas->V->Dso = -0.158(6)

Partial % Errors:
                           Vno       EDs     Eetas       Vnn
------------------------------------------------------------
            etas:ao:     0.111     0.001     0.008     0.003
      log(etas:dEo):     0.470     0.003     0.017     0.014
                Vno:     0.618     0.002     0.012     0.031
                Vnn:     0.049     0.003     0.011     0.310
                Von:     1.247     0.001     0.013     0.060
                Voo:     0.763     0.003     0.021     0.056
               Ds:a:     0.008     0.001     0.001     0.004
        log(Ds:dEo):     0.219     0.003     0.002     0.023
       log(etas:dE):     0.262     0.003     0.026     0.006
              Ds:ao:     0.017     0.000     0.000     0.001
         log(Ds:dE):     0.039     0.003     0.004     0.014
              stat.:     3.397     0.040     0.155     0.483
             etas:a:     0.126     0.001     0.012     0.003
------------------------------------------------------------
              total:     3.798     0.041     0.162     0.582




