========================== nexp = 3
Least Square Fit:
  chi2/dof [dof] = 0.45 [56]    Q = 1    logGBF = -145.91    itns = 1

Parameters:
              a_  0.210 +-   0.001           (    0.01 +-        1)
               _  0.202 +-   0.024           (    0.01 +-        1)
               _  0.518 +-   0.005           (    0.01 +-        1)
          logdE_  0.271 +-   0.000           (    0.34 +-     0.14)
               _ -0.944 +-   0.101           (   -0.69 +-        1)
               _ -0.749 +-   0.037           (   -0.69 +-        1)
             ao_  0.061 +-   0.009           (    0.01 +-        1)
               _  0.108 +-   0.032           (    0.01 +-        1)
               _  0.089 +-   0.035           (    0.01 +-        1)
         logdEo_  0.338 +-   0.011           (    0.46 +-     0.13)
               _ -1.366 +-   0.355           (   -0.69 +-        1)
               _ -1.054 +-   0.776           (   -0.69 +-        1)
            Vnn_  0.106 +-   0.002           (    0.01 +-        1)
               _  0.003 +-   0.005           (    0.01 +-        1)
               _ -0.027 +-   0.004           (    0.01 +-        1)
               _  0.016 +-   0.999           (    0.01 +-        1)
               _  0.027 +-   0.997           (    0.01 +-        1)
               _  0.010 +-   1.000           (    0.01 +-        1)
            Voo_ -0.106 +-   0.098           (    0.01 +-        1)
               _  0.058 +-   0.128           (    0.01 +-        1)
               _ -0.081 +-   0.191           (    0.01 +-        1)
               _  0.004 +-   0.999           (    0.01 +-        1)
               _  0.010 +-   1.000           (    0.01 +-        1)
               _  0.010 +-   1.000           (    0.01 +-        1)
            Vno_ -0.210 +-   0.009           (    0.01 +-        1)
               _ -0.008 +-   0.042           (    0.01 +-        1)
               _  0.003 +-   0.039           (    0.01 +-        1)
               _  0.038 +-   0.081           (    0.01 +-        1)
               _ -0.119 +-   0.988           (    0.01 +-        1)
               _  0.011 +-   1.000           (    0.01 +-        1)
               _  0.002 +-   0.054           (    0.01 +-        1)
               _  0.104 +-   0.993           (    0.01 +-        1)
               _  0.009 +-   1.000           (    0.01 +-        1)

dE = 1.3109(7)  0.39(4)  0.47(2)
 E = 1.3109(7)  1.70(4)  2.17(2)
m->V->m = 0.106(2)

Partial % Errors:
                             V
------------------------------
                  a:      0.00
               stat:      0.48
                Vno:      0.02
                Vnn:      1.55
                Voo:      0.33
              logdE:      0.02
                 ao:      0.01
             logdEo:      0.09
------------------------------
              total:      1.66




