========================== nexp = 1   ratio = True
Least Square Fit (input data correlated with prior):
  chi2/dof [dof] = 0.76 [69]    Q = 0.93    logGBF = -74.778    itns = 1

Parameters:
    log(etas:a)_ -1.521 +-   0.001           (    -1.2 +-        1)
   log(etas:dE)_ -0.877 +-   0.000           (   -0.92 +-      0.5)
      log(Ds:a)_ -1.538 +-   0.001           (    -1.2 +-        1)
     log(Ds:dE)_  0.184 +-   0.000           (    0.18 +-     0.17)
     log(Ds:ao)_ -2.597 +-   0.023           (    -2.3 +-        1)
    log(Ds:dEo)_  0.377 +-   0.003           (    0.41 +-     0.24)
            Vnn_  0.769 +-   0.001           (     0.1 +-        1)
            Vno_ -0.741 +-   0.019           (     0.1 +-        1)

etas:dE = 0.41623(8)
 etas:E = 0.41623(8)  0.41623(8)  0.41623(8)
 etas:a = 0.2184(1)

Ds:dE = 1.2017(1)
 Ds:E = 1.2017(1)  1.2017(1)  1.2017(1)
 Ds:a = 0.2148(2)

etas->V->Ds = 0.769(1)



Number of bootstrap iterations = 4 

     label             bs-median               bs-gvar                   fit
----------------------------------------------------------------------------
   etas:dE             0.4162(2)            0.41625(8)            0.41623(8)
    etas:a             0.2184(1)            0.21840(6)             0.2184(1)
     Ds:dE             1.2018(1)            1.20178(9)             1.2017(1)
      Ds:a             0.2149(2)           0.21488(10)             0.2148(2)
       Vnn              0.771(2)             0.7713(8)              0.769(1)
       Vno              -0.73(1)              -0.73(1)              -0.74(2)
