========================== nexp = 1   ratio = True
Least Square Fit (input data correlated with prior):
  chi2/dof [dof] = 0.76 [69]    Q = 0.93    logGBF = -74.778    itns = 1

Parameters:
  log(etas:a) 0   -1.52130 (55)      [ -1.2 (1.0) ]
 log(etas:dE) 0   -0.87653 (20)      [ -0.92 (50) ]
    log(Ds:a) 0   -1.53794 (97)      [ -1.2 (1.0) ]
   log(Ds:dE) 0    0.18377 (12)      [  0.18 (17) ]
   log(Ds:ao) 0     -2.597 (23)      [ -2.3 (1.0) ]
  log(Ds:dEo) 0     0.3773 (32)      [  0.41 (24) ]
        Vnn 0,0     0.7694 (14)      [  0.1 (1.0) ]
        Vno 0,0     -0.741 (19)      [  0.1 (1.0) ]

Settings:
  svdcut = (None,None)   svdnum = (None,None)    reltol/abstol = 1e-10/1e-10

etas:dE = 0.416226(84)
 etas:E = 0.416226(84)  0.416226(84)  0.416226(84)
 etas:a = 0.21843(12)

Ds:dE = 1.20174(14)
 Ds:E = 1.20174(14)  1.20174(14)  1.20174(14)
 Ds:a = 0.21482(21)

etas->V->Ds = 0.7694(14)
etas->V->Dso = -0.741(19)

Partial % Errors:
                           Vno       EDs     Eetas       Vnn
------------------------------------------------------------
          log(Ds:a):     0.206     0.001     0.000     0.013
        log(etas:a):     0.022     0.000     0.001     0.015
         log(Ds:ao):     0.750     0.001     0.000     0.002
                Vno:     1.347     0.001     0.000     0.045
                Vnn:     0.435     0.000     0.001     0.072
        log(Ds:dEo):     0.448     0.001     0.000     0.008
       log(etas:dE):     0.045     0.000     0.002     0.018
         log(Ds:dE):     0.088     0.002     0.000     0.025
              stat.:     1.916     0.012     0.020     0.155
------------------------------------------------------------
              total:     2.547     0.012     0.020     0.181




========================== nexp = 1   ratio = False
Least Square Fit (input data correlated with prior):
  chi2/dof [dof] = 0.9 [69]    Q = 0.71    logGBF = -77.234    itns = 1

Parameters:
  log(etas:a) 0   -1.52144 (58)      [ -1.2 (1.0) ]
 log(etas:dE) 0   -0.87657 (20)      [ -0.92 (50) ]
    log(Ds:a) 0    -1.5379 (10)      [ -1.2 (1.0) ]
   log(Ds:dE) 0    0.18379 (12)      [  0.18 (17) ]
   log(Ds:ao) 0     -2.583 (28)      [ -2.3 (1.0) ]
  log(Ds:dEo) 0     0.3794 (35)      [  0.41 (24) ]
        Vnn 0,0    0.76569 (82)      [  0.1 (1.0) ]
        Vno 0,0     -0.725 (12)      [  0.1 (1.0) ]

Settings:
  svdcut = (None,None)   svdnum = (None,None)    reltol/abstol = 1e-10/1e-10

etas:dE = 0.416210(85)
 etas:E = 0.416210(85)  0.416210(85)  0.416210(85)
 etas:a = 0.21840(13)

Ds:dE = 1.20176(15)
 Ds:E = 1.20176(15)  1.20176(15)  1.20176(15)
 Ds:a = 0.21484(22)

etas->V->Ds = 0.76569(82)
etas->V->Dso = -0.725(12)

Partial % Errors:
                           Vno       EDs     Eetas       Vnn
------------------------------------------------------------
          log(Ds:a):     0.126     0.001     0.000     0.002
        log(etas:a):     0.026     0.000     0.001     0.003
         log(Ds:ao):     0.245     0.000     0.000     0.013
                Vno:     0.717     0.001     0.001     0.034
                Vnn:     0.255     0.001     0.000     0.028
        log(Ds:dEo):     0.110     0.000     0.000     0.014
       log(etas:dE):     0.022     0.000     0.002     0.002
         log(Ds:dE):     0.082     0.002     0.000     0.001
              stat.:     1.408     0.012     0.020     0.095
------------------------------------------------------------
              total:     1.630     0.012     0.020     0.107




