========================== nexp = 6
Least Square Fit:
  chi2/dof [dof] = 0.6 [69]    Q = 1    logGBF = -141.36    itns = 1

Parameters:
    log(etas:a)_ -1.521 +-   0.000           (    -1.2 +-        1)
               _ -1.578 +-   0.258           (    -1.2 +-        1)
               _ -1.212 +-   0.593           (    -1.2 +-        1)
               _ -1.244 +-   0.972           (    -1.2 +-        1)
               _ -1.214 +-   0.999           (    -1.2 +-        1)
               _ -1.205 +-   1.000           (    -1.2 +-        1)
   log(etas:dE)_ -0.877 +-   0.000           (   -0.92 +-      0.5)
               _ -0.447 +-   0.093           (   -0.69 +-        1)
               _ -0.703 +-   0.746           (   -0.69 +-        1)
               _ -0.665 +-   0.971           (   -0.69 +-        1)
               _ -0.682 +-   0.999           (   -0.69 +-        1)
               _ -0.692 +-   1.000           (   -0.69 +-        1)
      log(Ds:a)_ -1.538 +-   0.001           (    -1.2 +-        1)
               _ -1.289 +-   0.094           (    -1.2 +-        1)
               _ -0.827 +-   0.420           (    -1.2 +-        1)
               _ -1.128 +-   0.984           (    -1.2 +-        1)
               _ -1.194 +-   1.000           (    -1.2 +-        1)
               _ -1.203 +-   1.000           (    -1.2 +-        1)
     log(Ds:dE)_  0.184 +-   0.000           (    0.18 +-     0.17)
               _ -0.683 +-   0.041           (   -0.69 +-        1)
               _ -0.670 +-   0.404           (   -0.69 +-        1)
               _ -0.765 +-   0.986           (   -0.69 +-        1)
               _ -0.705 +-   1.000           (   -0.69 +-        1)
               _ -0.694 +-   1.000           (   -0.69 +-        1)
     log(Ds:ao)_ -2.719 +-   0.118           (    -2.3 +-        1)
               _ -2.493 +-   0.395           (    -2.3 +-        1)
               _ -2.153 +-   0.795           (    -2.3 +-        1)
               _ -2.274 +-   0.998           (    -2.3 +-        1)
               _ -2.300 +-   1.000           (    -2.3 +-        1)
               _ -2.302 +-   1.000           (    -2.3 +-        1)
    log(Ds:dEo)_  0.369 +-   0.010           (    0.41 +-     0.24)
               _ -1.450 +-   0.505           (   -0.69 +-        1)
               _ -0.716 +-   0.783           (   -0.69 +-        1)
               _ -0.726 +-   0.997           (   -0.69 +-        1)
               _ -0.697 +-   1.000           (   -0.69 +-        1)
               _ -0.693 +-   1.000           (   -0.69 +-        1)
            Vnn_  0.767 +-   0.001           (    0.01 +-        1)
               _ -0.509 +-   0.041           (    0.01 +-        1)
               _  0.455 +-   0.509           (    0.01 +-        1)
               _  0.079 +-   0.993           (    0.01 +-        1)
               _  0.017 +-   1.000           (    0.01 +-        1)
               _  0.011 +-   1.000           (    0.01 +-        1)
               _  0.043 +-   0.045           (    0.01 +-        1)
               _  0.228 +-   0.803           (    0.01 +-        1)
               _  0.024 +-   0.996           (    0.01 +-        1)
               _  0.011 +-   1.000           (    0.01 +-        1)
               _  0.010 +-   1.000           (    0.01 +-        1)
               _  0.010 +-   1.000           (    0.01 +-        1)
               _ -0.079 +-   0.300           (    0.01 +-        1)
               _  0.039 +-   0.999           (    0.01 +-        1)
               _  0.010 +-   1.000           (    0.01 +-        1)
               _  0.010 +-   1.000           (    0.01 +-        1)
               _  0.010 +-   1.000           (    0.01 +-        1)
               _  0.010 +-   1.000           (    0.01 +-        1)
               _ -0.047 +-   0.988           (    0.01 +-        1)
               _  0.012 +-   1.000           (    0.01 +-        1)
               _  0.010 +-   1.000           (    0.01 +-        1)
               _  0.010 +-   1.000           (    0.01 +-        1)
               _  0.010 +-   1.000           (    0.01 +-        1)
               _  0.010 +-   1.000           (    0.01 +-        1)
               _  0.000 +-   1.000           (    0.01 +-        1)
               _  0.010 +-   1.000           (    0.01 +-        1)
               _  0.010 +-   1.000           (    0.01 +-        1)
               _  0.010 +-   1.000           (    0.01 +-        1)
               _  0.010 +-   1.000           (    0.01 +-        1)
               _  0.010 +-   1.000           (    0.01 +-        1)
               _  0.009 +-   1.000           (    0.01 +-        1)
               _  0.010 +-   1.000           (    0.01 +-        1)
               _  0.010 +-   1.000           (    0.01 +-        1)
               _  0.010 +-   1.000           (    0.01 +-        1)
               _  0.010 +-   1.000           (    0.01 +-        1)
               _  0.010 +-   1.000           (    0.01 +-        1)
            Vno_ -0.777 +-   0.075           (    0.01 +-        1)
               _  0.299 +-   0.336           (    0.01 +-        1)
               _  0.002 +-   0.873           (    0.01 +-        1)
               _  0.022 +-   0.998           (    0.01 +-        1)
               _  0.012 +-   1.000           (    0.01 +-        1)
               _  0.010 +-   1.000           (    0.01 +-        1)
               _  0.215 +-   0.444           (    0.01 +-        1)
               _  0.081 +-   0.976           (    0.01 +-        1)
               _  0.005 +-   1.000           (    0.01 +-        1)
               _  0.010 +-   1.000           (    0.01 +-        1)
               _  0.010 +-   1.000           (    0.01 +-        1)
               _  0.010 +-   1.000           (    0.01 +-        1)
               _ -0.039 +-   0.976           (    0.01 +-        1)
               _  0.016 +-   1.000           (    0.01 +-        1)
               _  0.010 +-   1.000           (    0.01 +-        1)
               _  0.010 +-   1.000           (    0.01 +-        1)
               _  0.010 +-   1.000           (    0.01 +-        1)
               _  0.010 +-   1.000           (    0.01 +-        1)
               _ -0.001 +-   1.000           (    0.01 +-        1)
               _  0.009 +-   1.000           (    0.01 +-        1)
               _  0.010 +-   1.000           (    0.01 +-        1)
               _  0.010 +-   1.000           (    0.01 +-        1)
               _  0.010 +-   1.000           (    0.01 +-        1)
               _  0.010 +-   1.000           (    0.01 +-        1)
               _  0.009 +-   1.000           (    0.01 +-        1)
               _  0.010 +-   1.000           (    0.01 +-        1)
               _  0.010 +-   1.000           (    0.01 +-        1)
               _  0.010 +-   1.000           (    0.01 +-        1)
               _  0.010 +-   1.000           (    0.01 +-        1)
               _  0.010 +-   1.000           (    0.01 +-        1)
               _  0.010 +-   1.000           (    0.01 +-        1)
               _  0.010 +-   1.000           (    0.01 +-        1)
               _  0.010 +-   1.000           (    0.01 +-        1)
               _  0.010 +-   1.000           (    0.01 +-        1)
               _  0.010 +-   1.000           (    0.01 +-        1)
               _  0.010 +-   1.000           (    0.01 +-        1)

etas:dE = 0.41622(8)  0.64(6)  0.5(4)
 etas:E = 0.41622(8)  1.06(6)  1.6(4)
 etas:a = 0.2184(1)  0.21(5)  0.3(2)

Ds:dE = 1.2017(1)  0.51(2)  0.5(2)
 Ds:E = 1.2017(1)  1.71(2)  2.2(2)
 Ds:a = 0.2148(2)  0.28(3)  0.4(2)

etas->V->Ds  = 0.7674(9)
etas->V->Dso = -0.78(7)

Partial % Errors:
                           Vno       EDs     Eetas       Vnn
------------------------------------------------------------
          log(Ds:a):     0.475     0.001     0.000     0.017
        log(etas:a):     0.048     0.000     0.001     0.003
         log(Ds:ao):     3.854     0.001     0.000     0.006
                Vno:     2.712     0.002     0.000     0.010
                Vnn:     1.008     0.002     0.001     0.031
        log(Ds:dEo):     4.468     0.001     0.000     0.006
       log(etas:dE):     0.054     0.000     0.001     0.003
         log(Ds:dE):     0.270     0.001     0.000     0.021
              stat.:     7.028     0.011     0.019     0.109
------------------------------------------------------------
              total:     9.637     0.011     0.020     0.117




