============================== nterm = 8   nterm_prior = 8    RATIO = True
Least Square Fit:
  chi2/dof [dof] = 0.9 [113]    Q = 0.76    logGBF = -192.47    itns = 1

Parameters:
         logl 0   -0.6811 (18)      [ -0.9 (1.0) ]
              1    -0.902 (32)      [ -0.9 (1.0) ]
              2     -1.35 (49)      [ -0.9 (1.0) ]
              3     -0.95 (38)      [ -0.9 (1.0) ]
              4     -1.15 (71)      [ -0.9 (1.0) ]
              5     -1.19 (79)      [ -0.9 (1.0) ]
              6     -1.30 (91)      [ -0.9 (1.0) ]
              7     -1.29 (88)      [ -0.9 (1.0) ]
            g 0    0.8699 (17)      [  0.1 (1.0) ]
              1    -0.145 (11)      [  0.1 (1.0) ]
              2     0.023 (33)      [  0.1 (1.0) ]
              3      0.14 (10)      [  0.1 (1.0) ]
              4      0.17 (19)      [  0.1 (1.0) ]
              5     -0.15 (33)      [  0.1 (1.0) ]
              6     -0.03 (87)      [  0.1 (1.0) ]
              7      0.13 (39)      [  0.1 (1.0) ]
            e 0   0.19713 (46)      [  0.1 (1.0) ]
              1     0.322 (26)      [  0.1 (1.0) ]
              2    -0.275 (69)      [  0.1 (1.0) ]
              3      0.20 (17)      [  0.1 (1.0) ]
              4     -0.32 (17)      [  0.1 (1.0) ]
              5      0.00 (60)      [  0.1 (1.0) ]
              6      0.00 (83)      [  0.1 (1.0) ]
              7      0.32 (38)      [  0.1 (1.0) ]
            d 0   0.21634 (47)      [  0.1 (1.0) ]
              1     0.384 (26)      [  0.1 (1.0) ]
              2    -0.295 (42)      [  0.1 (1.0) ]
              3    -0.013 (93)      [  0.1 (1.0) ]
              4     -0.05 (18)      [  0.1 (1.0) ]
              5      0.10 (42)      [  0.1 (1.0) ]
              6      0.08 (85)      [  0.1 (1.0) ]
              7      0.61 (29)      [  0.1 (1.0) ]
        logdE 0   -1.3616 (10)      [ -1.36 (39) ]
              1    -0.657 (27)      [ -0.7 (1.0) ]
              2     -1.38 (29)      [ -0.7 (1.0) ]
              3     -0.78 (37)      [ -0.7 (1.0) ]
              4     -1.06 (88)      [ -0.7 (1.0) ]
              5     -0.73 (96)      [ -0.7 (1.0) ]
              6     -0.52 (97)      [ -0.7 (1.0) ]
              7     -0.52 (98)      [ -0.7 (1.0) ]

Settings:
  svdcut = (0.001,None)   svdnum = (1.1e+02,None)    reltol/abstol = 1e-10/1e-10

   E = 0.25626(26)  0.518(14)  0.771(80)  1.23(19)  1.57(30)  2.05(54)  2.65(77)  3.24(93)   (En-E0 for n>0)
   l = 0.50608(94)  0.406(13)  0.26(13)  0.39(15)  0.32(22)  0.30(24)  0.27(25)  0.27(24)
   g = 0.8699(17)  -0.145(11)  0.023(33)  0.14(10)  0.17(19)  -0.15(33)  -0.03(87)  0.13(39)
   d = 0.21634(47)  0.384(26)  -0.295(42)  -0.013(93)  -0.05(18)  0.10(42)  0.08(85)  0.61(29)
   e = 0.19713(46)  0.322(26)  -0.275(69)  0.20(17)  -0.32(17)  0.00(60)  0.00(83)  0.32(38)

Partial % Errors:
                           dE1        E0
----------------------------------------
              logdE:     0.474     0.011
                  e:     0.490     0.013
                  d:     0.229     0.004
                  g:     0.377     0.007
               stat:     1.895     0.091
               logl:     1.116     0.015
----------------------------------------
              total:     2.664     0.101


correlators:
    ['1s0.ll', '1s0.lg', '1s0.gg', '1s0.le', '1s0.ge', '1s0.ee', '1s0.ld', '1s0.gd', '1s0.ed', '1s0.dd']

using last fit


t=0.8 ====

